
Admin@DESKTOP-HGNLPEA MINGW64 ~/project (master)
$ ls

Admin@DESKTOP-HGNLPEA MINGW64 ~/project (master)
$ git clone https://github.com/radhakradhika581-tech/3vc24cs055.git
Cloning into '3vc24cs055'...
remote: Enumerating objects: 3, done.
remote: Counting objects: 100% (3/3), done.
remote: Total 3 (delta 0), reused 0 (delta 0), pack-reused 0 (from 0)
Receiving objects: 100% (3/3), done.

Admin@DESKTOP-HGNLPEA MINGW64 ~/project (master)
$ ls
3vc24cs055/

Admin@DESKTOP-HGNLPEA MINGW64 ~/project (master)
$ cd 3vc24cs055
Admin@DESKTOP-HGNLPEA MINGW64 ~/project/3vc24cs055 (main)
git init
Admin@DESKTOP-HGNLPEA MINGW64 ~/project/3vc24cs055 (main)
$ git config --global user.name "radhakradhika581-tech"

Admin@DESKTOP-HGNLPEA MINGW64 ~/project/3vc24cs055 (main)
$ git config --global user.email "radhakradhika581gmail.com"

Admin@DESKTOP-HGNLPEA MINGW64 ~/project/3vc24cs055 (main)
$ touch hi .txt

Admin@DESKTOP-HGNLPEA MINGW64 ~/project/3vc24cs055 (main)
$ git status
On branch main
Your branch is up to date with 'origin/main'.

Untracked files:
  (use "git add <file>..." to include in what will be committed)
        .txt
        hi

nothing added to commit but untracked files present (use "git add" to track)

Admin@DESKTOP-HGNLPEA MINGW64 ~/project/3vc24cs055 (main)
$ git add lab1.txt
fatal: pathspec 'lab1.txt' did not match
 any files

Admin@DESKTOP-HGNLPEA MINGW64 ~/project/3vc24cs055 (main)



























Aborting commit due to empty commit message.

Admin@DESKTOP-HGNLPEA MINGW64 ~/project/3vc24cs055 (main)
$ git commit -m "two files hello & hi"
[main 61e78da] two files hello & hi
 4 files changed, 0 insertions(+), 0 deletions(-)
 create mode 100644 .txt
 create mode 100644 hello.txt
 create mode 100644 hi
 create mode 100644 hi.txt

Admin@DESKTOP-HGNLPEA MINGW64 ~/project/3vc24cs055 (main)
$ git status
On branch main
Your branch is ahead of 'origin/main' by 1 commit.
  (use "git push" to publish your local commits)

nothing to commit, working tree clean


Admin@DESKTOP-HGNLPEA MINGW64 ~/project/3vc24cs055 (main)
$ git push origin main
remote: Permission to radhakradhika581-tech/3vc24cs055.git denied to vita67.
fatal: unable to access 'https://github.com/radhakradhika581-tech/3vc24cs055.git/': The requeste
d URL returned error: 403

Admin@DESKTOP-HGNLPEA MINGW64 ~/project/3vc24cs055 (main)
$ git push origin main
info: please complete authentication in your browser...
remote: Permission to radhakradhika581-tech/3vc24cs055.git denied to vita67.
fatal: unable to access 'https://github.com/radhakradhika581-tech/3vc24cs055.git/': The requeste
d URL returned error: 403

Admin@DESKTOP-HGNLPEA MINGW64 ~/project/3vc24cs055 (main)
$ git push origin main
info: please complete authentication in your browser...
remote: Permission to radhakradhika581-tech/3vc24cs055.git denied to vita67.
fatal: unable to access 'https://github.com/radhakradhika581-tech/3vc24cs055.git/': The requeste
d URL returned error: 403

Admin@DESKTOP-HGNLPEA MINGW64 ~/project/3vc24cs055 (main)
$ git push origin main
info: please complete authentication in your browser...
remote: Permission to radhakradhika581-tech/3vc24cs055.git denied to vita67.
fatal: unable to access 'https://github.com/radhakradhika581-tech/3vc24cs055.git/': The requeste
d URL returned error: 403

Admin@DESKTOP-HGNLPEA MINGW64 ~/project/3vc24cs055 (main)
$ git push origin main
info: please complete authentication in your browser...
Enumerating objects: 4, done.
Counting objects: 100% (4/4), done.
Delta compression using up to 6 threads
Compressing objects: 100% (2/2), done.
Writing objects: 100% (3/3), 295 bytes | 295.00 KiB/s, done.
Total 3 (delta 0), reused 0 (delta 0), pack-reused 0 (from 0)
To https://github.com/radhakradhika581-tech/3vc24cs055.git
   7298c25..61e78da  main -> main

Admin@DESKTOP-HGNLPEA MINGW64 ~/project/3vc24cs055 (main)
$

